<html>
<body>
<pre>
<h1>µVision Build Log</h1>
<h2>Tool Versions:</h2>
IDE-Version: ¦ÌVision V5.23.0.0
Copyright (C) 2017 ARM Ltd and ARM Germany GmbH. All rights reserved.
License Information: lu li, jinqisoft, LIC=BUURY-IRSXP-2ZRW4-F2GIX-QH6EK-DR8BG
 
Tool Versions:
Toolchain:       MDK-ARM Plus  Version: 5.23
Toolchain Path:  C:\Keil_v5\ARM\ARMCC\Bin
C Compiler:      Armcc.exe V5.06 update 4 (build 422)
Assembler:       Armasm.exe V5.06 update 4 (build 422)
Linker/Locator:  ArmLink.exe V5.06 update 4 (build 422)
Library Manager: ArmAr.exe V5.06 update 4 (build 422)
Hex Converter:   FromElf.exe V5.06 update 4 (build 422)
CPU DLL:         SARMCM3.DLL V5.23
Dialog DLL:      DCM.DLL V1.15.0.0
Target DLL:      Segger\JL2CM3.dll V2.99.23.0
Dialog DLL:      TCM.DLL V1.27.0.0
 
<h2>Project:</h2>
C:\Users\selena\Desktop\Code\Geland\GelandBTHeating\examples\none_evm\ble_simple_peripheral\keil\ble_simple_peripheral.uvproj
Project File Date:  12/16/2024

<h2>Output:</h2>
*** Using Compiler 'V5.06 update 4 (build 422)', folder: 'C:\Keil_v5\ARM\ARMCC\Bin'
Rebuild target 'ble_simple_peripheral'
compiling led_control.c...
compiling ble_simple_peripheral.c...
compiling proj_main.c...
compiling temp_control.c...
compiling voltage_detect.c...
compiling key_control.c...
compiling bat_detect.c...
compiling currency_detect.c...
..\code\currency_detect.c(48): warning:  #177-D: variable "i_cur"  was declared but never referenced
      uint16_t i_cur;
..\code\currency_detect.c: 1 warning, 0 errors
compiling driver_pmu.c...
compiling driver_adc.c...
compiling driver_gpio.c...
compiling driver_i2c.c...
compiling driver_pwm.c...
compiling driver_flash.c...
compiling driver_spi_master.c...
assembling boot_vectors.s...
compiling driver_timer.c...
compiling co_log.c...
linking...
..\..\..\..\components\toolchain\armcc\fr800x.sct(21): warning: L6314W: No section matches pattern *(gui_menu).
..\..\..\..\components\toolchain\armcc\fr800x.sct(37): warning: L6314W: No section matches pattern *(STACK).
Program Size: Code=103760 RO-data=3460 RW-data=2892 ZI-data=4292  
Finished: 0 information, 2 warning and 0 error messages.
FromELF: creating hex file...
After Build - User command #1: fromelf.exe  --text  -c -o Output/ble_simple_peripheral.txt  Objects/ble_simple_peripheral.axf
After Build - User command #2: fromelf.exe  --bin -o Output/ble_simple_peripheral.bin  Objects/ble_simple_peripheral.axf
".\Objects\ble_simple_peripheral.axf" - 0 Error(s), 3 Warning(s).
Build Time Elapsed:  00:00:04
</pre>
</body>
</html>
